Archive member included to satisfy reference by file (symbol)

c:/program files/microchip/xc8/v2.32/avr/bin/../lib/gcc/avr/5.4.0/avr5/memx-const\libgcc.a(_exit.o)
                              C:/Program Files/Microchip/MPLABX/v5.50/packs/Microchip/ATmega_DFP/2.3.126/xc8/avr/lib/avr5/memx-const/crtatmega32a.o (exit)
c:/program files/microchip/xc8/v2.32/avr/bin/../lib/gcc/avr/5.4.0/avr5/memx-const\libgcc.a(_copy_data.o)
                              build/default/production/Keypad.o (__do_copy_data)

Discarded input sections

 .data          0x0000000000000000        0x0 C:/Program Files/Microchip/MPLABX/v5.50/packs/Microchip/ATmega_DFP/2.3.126/xc8/avr/lib/avr5/memx-const/crtatmega32a.o
 .bss           0x0000000000000000        0x0 C:/Program Files/Microchip/MPLABX/v5.50/packs/Microchip/ATmega_DFP/2.3.126/xc8/avr/lib/avr5/memx-const/crtatmega32a.o
 .text          0x0000000000000000        0x0 build/default/production/mainApp.o
 .data          0x0000000000000000        0x0 build/default/production/mainApp.o
 .bss           0x0000000000000000        0x0 build/default/production/mainApp.o
 .text          0x0000000000000000        0x0 build/default/production/DIO.o
 .data          0x0000000000000000        0x0 build/default/production/DIO.o
 .bss           0x0000000000000000        0x0 build/default/production/DIO.o
 .text.setPORTA_dir
                0x0000000000000000       0x12 build/default/production/DIO.o
 .text.setPINA  0x0000000000000000       0x3e build/default/production/DIO.o
 .text.setPORTA
                0x0000000000000000       0x12 build/default/production/DIO.o
 .text.togglePINA
                0x0000000000000000       0x16 build/default/production/DIO.o
 .text.togglePORTA
                0x0000000000000000        0x8 build/default/production/DIO.o
 .text.checkPORTA
                0x0000000000000000        0x4 build/default/production/DIO.o
 .text.setPORTB_dir
                0x0000000000000000       0x12 build/default/production/DIO.o
 .text.setPINB  0x0000000000000000       0x3e build/default/production/DIO.o
 .text.setPORTB
                0x0000000000000000       0x12 build/default/production/DIO.o
 .text.togglePORTB
                0x0000000000000000        0x8 build/default/production/DIO.o
 .text.checkPINB
                0x0000000000000000       0x16 build/default/production/DIO.o
 .text.checkPORTB
                0x0000000000000000        0x4 build/default/production/DIO.o
 .text.setPORTC_dir
                0x0000000000000000       0x12 build/default/production/DIO.o
 .text.setPINC  0x0000000000000000       0x3e build/default/production/DIO.o
 .text.setPORTC
                0x0000000000000000       0x12 build/default/production/DIO.o
 .text.togglePORTC
                0x0000000000000000        0x8 build/default/production/DIO.o
 .text.checkPINC
                0x0000000000000000       0x16 build/default/production/DIO.o
 .text.checkPORTC
                0x0000000000000000        0x4 build/default/production/DIO.o
 .text.setPORTD_dir
                0x0000000000000000       0x12 build/default/production/DIO.o
 .text.setPIND  0x0000000000000000       0x3e build/default/production/DIO.o
 .text.setPORTD
                0x0000000000000000       0x12 build/default/production/DIO.o
 .text.togglePORTD
                0x0000000000000000        0x8 build/default/production/DIO.o
 .text.checkPIND
                0x0000000000000000       0x16 build/default/production/DIO.o
 .text.checkPORTD
                0x0000000000000000        0x4 build/default/production/DIO.o
 .text          0x0000000000000000        0x0 build/default/production/led.o
 .data          0x0000000000000000        0x0 build/default/production/led.o
 .bss           0x0000000000000000        0x0 build/default/production/led.o
 .text.led_on   0x0000000000000000       0x3e build/default/production/led.o
 .text.led_off  0x0000000000000000       0x3e build/default/production/led.o
 .text.led_toggle
                0x0000000000000000       0x36 build/default/production/led.o
 .text.led_on_all
                0x0000000000000000       0x1a build/default/production/led.o
 .text.led_off_all
                0x0000000000000000       0x1a build/default/production/led.o
 .text          0x0000000000000000        0x0 build/default/production/buttons.o
 .data          0x0000000000000000        0x0 build/default/production/buttons.o
 .bss           0x0000000000000000        0x0 build/default/production/buttons.o
 .text          0x0000000000000000        0x0 build/default/production/Keypad.o
 .data          0x0000000000000000        0x0 build/default/production/Keypad.o
 .bss           0x0000000000000000        0x0 build/default/production/Keypad.o
 .text.keypad_init
                0x0000000000000000       0x72 build/default/production/Keypad.o
 .text.keypad_read
                0x0000000000000000       0x84 build/default/production/Keypad.o
 .data.keys     0x0000000000000000        0xc build/default/production/Keypad.o
 .debug_info    0x0000000000000000      0x45a build/default/production/Keypad.o
 .debug_abbrev  0x0000000000000000      0x104 build/default/production/Keypad.o
 .debug_loc     0x0000000000000000       0x75 build/default/production/Keypad.o
 .debug_aranges
                0x0000000000000000       0x28 build/default/production/Keypad.o
 .debug_ranges  0x0000000000000000       0x18 build/default/production/Keypad.o
 .debug_line    0x0000000000000000       0xf7 build/default/production/Keypad.o
 .debug_str     0x0000000000000000       0x21 build/default/production/Keypad.o
 .comment       0x0000000000000000       0x30 build/default/production/Keypad.o
 .debug_frame   0x0000000000000000       0x50 build/default/production/Keypad.o
 .text          0x0000000000000000        0x0 c:/program files/microchip/xc8/v2.32/avr/bin/../lib/gcc/avr/5.4.0/avr5/memx-const\libgcc.a(_exit.o)
 .data          0x0000000000000000        0x0 c:/program files/microchip/xc8/v2.32/avr/bin/../lib/gcc/avr/5.4.0/avr5/memx-const\libgcc.a(_exit.o)
 .bss           0x0000000000000000        0x0 c:/program files/microchip/xc8/v2.32/avr/bin/../lib/gcc/avr/5.4.0/avr5/memx-const\libgcc.a(_exit.o)
 .text.libgcc.mul
                0x0000000000000000        0x0 c:/program files/microchip/xc8/v2.32/avr/bin/../lib/gcc/avr/5.4.0/avr5/memx-const\libgcc.a(_exit.o)
 .text.libgcc.div
                0x0000000000000000        0x0 c:/program files/microchip/xc8/v2.32/avr/bin/../lib/gcc/avr/5.4.0/avr5/memx-const\libgcc.a(_exit.o)
 .text.libgcc   0x0000000000000000        0x0 c:/program files/microchip/xc8/v2.32/avr/bin/../lib/gcc/avr/5.4.0/avr5/memx-const\libgcc.a(_exit.o)
 .text.libgcc.prologue
                0x0000000000000000        0x0 c:/program files/microchip/xc8/v2.32/avr/bin/../lib/gcc/avr/5.4.0/avr5/memx-const\libgcc.a(_exit.o)
 .stack.descriptors
                0x0000000000000000       0x13 c:/program files/microchip/xc8/v2.32/avr/bin/../lib/gcc/avr/5.4.0/avr5/memx-const\libgcc.a(_exit.o)
 .text.libgcc.builtins
                0x0000000000000000        0x0 c:/program files/microchip/xc8/v2.32/avr/bin/../lib/gcc/avr/5.4.0/avr5/memx-const\libgcc.a(_exit.o)
 .text.libgcc.fmul
                0x0000000000000000        0x0 c:/program files/microchip/xc8/v2.32/avr/bin/../lib/gcc/avr/5.4.0/avr5/memx-const\libgcc.a(_exit.o)
 .text.libgcc.fixed
                0x0000000000000000        0x0 c:/program files/microchip/xc8/v2.32/avr/bin/../lib/gcc/avr/5.4.0/avr5/memx-const\libgcc.a(_exit.o)
 .text          0x0000000000000000        0x0 c:/program files/microchip/xc8/v2.32/avr/bin/../lib/gcc/avr/5.4.0/avr5/memx-const\libgcc.a(_copy_data.o)
 .data          0x0000000000000000        0x0 c:/program files/microchip/xc8/v2.32/avr/bin/../lib/gcc/avr/5.4.0/avr5/memx-const\libgcc.a(_copy_data.o)
 .bss           0x0000000000000000        0x0 c:/program files/microchip/xc8/v2.32/avr/bin/../lib/gcc/avr/5.4.0/avr5/memx-const\libgcc.a(_copy_data.o)
 .text.libgcc.mul
                0x0000000000000000        0x0 c:/program files/microchip/xc8/v2.32/avr/bin/../lib/gcc/avr/5.4.0/avr5/memx-const\libgcc.a(_copy_data.o)
 .text.libgcc.div
                0x0000000000000000        0x0 c:/program files/microchip/xc8/v2.32/avr/bin/../lib/gcc/avr/5.4.0/avr5/memx-const\libgcc.a(_copy_data.o)
 .text.libgcc   0x0000000000000000        0x0 c:/program files/microchip/xc8/v2.32/avr/bin/../lib/gcc/avr/5.4.0/avr5/memx-const\libgcc.a(_copy_data.o)
 .text.libgcc.prologue
                0x0000000000000000        0x0 c:/program files/microchip/xc8/v2.32/avr/bin/../lib/gcc/avr/5.4.0/avr5/memx-const\libgcc.a(_copy_data.o)
 .text.libgcc.builtins
                0x0000000000000000        0x0 c:/program files/microchip/xc8/v2.32/avr/bin/../lib/gcc/avr/5.4.0/avr5/memx-const\libgcc.a(_copy_data.o)
 .text.libgcc.fmul
                0x0000000000000000        0x0 c:/program files/microchip/xc8/v2.32/avr/bin/../lib/gcc/avr/5.4.0/avr5/memx-const\libgcc.a(_copy_data.o)
 .text.libgcc.fixed
                0x0000000000000000        0x0 c:/program files/microchip/xc8/v2.32/avr/bin/../lib/gcc/avr/5.4.0/avr5/memx-const\libgcc.a(_copy_data.o)

Memory Configuration

Name             Origin             Length             Attributes
text             0x0000000000000000 0x0000000000008000 xr
data             0x0000000000800060 0x0000000000000800 rw !x
eeprom           0x0000000000810000 0x0000000000000400 rw !x
fuse             0x0000000000820000 0x0000000000000002 rw !x
lock             0x0000000000830000 0x0000000000000400 rw !x
signature        0x0000000000840000 0x0000000000000400 rw !x
user_signatures  0x0000000000850000 0x0000000000000400 rw !x
*default*        0x0000000000000000 0xffffffffffffffff

Linker script and memory map

LOAD C:/Program Files/Microchip/MPLABX/v5.50/packs/Microchip/ATmega_DFP/2.3.126/xc8/avr/lib/avr5/memx-const/crtatmega32a.o
                0x0000000000000001                __MPLAB_BUILD = 0x1
LOAD build/default/production/mainApp.o
LOAD build/default/production/DIO.o
LOAD build/default/production/led.o
LOAD build/default/production/buttons.o
LOAD build/default/production/Keypad.o
START GROUP
LOAD c:/program files/microchip/xc8/v2.32/avr/bin/../lib/gcc/avr/5.4.0/../../../../avr/lib/avr5/memx-const\libm.a
END GROUP
START GROUP
LOAD c:/program files/microchip/xc8/v2.32/avr/bin/../lib/gcc/avr/5.4.0/avr5/memx-const\libgcc.a
LOAD c:/program files/microchip/xc8/v2.32/avr/bin/../lib/gcc/avr/5.4.0/../../../../avr/lib/avr5/memx-const\libm.a
LOAD c:/program files/microchip/xc8/v2.32/avr/bin/../lib/gcc/avr/5.4.0/../../../../avr/lib/avr5/memx-const\libc.a
LOAD C:/Program Files/Microchip/MPLABX/v5.50/packs/Microchip/ATmega_DFP/2.3.126/xc8/avr/lib/avr5/memx-const\libatmega32a.a
END GROUP
                [0x0000000000000000]                __TEXT_REGION_ORIGIN__ = DEFINED (__TEXT_REGION_ORIGIN__)?__TEXT_REGION_ORIGIN__:0x0
                [0x0000000000800060]                __DATA_REGION_ORIGIN__ = DEFINED (__DATA_REGION_ORIGIN__)?__DATA_REGION_ORIGIN__:0x800060
                [0x0000000000008000]                __TEXT_REGION_LENGTH__ = DEFINED (__TEXT_REGION_LENGTH__)?__TEXT_REGION_LENGTH__:0x20000
                [0x0000000000000800]                __DATA_REGION_LENGTH__ = DEFINED (__DATA_REGION_LENGTH__)?__DATA_REGION_LENGTH__:0xffa0
                [0x0000000000000400]                __EEPROM_REGION_LENGTH__ = DEFINED (__EEPROM_REGION_LENGTH__)?__EEPROM_REGION_LENGTH__:0x10000
                [0x0000000000000002]                __FUSE_REGION_LENGTH__ = DEFINED (__FUSE_REGION_LENGTH__)?__FUSE_REGION_LENGTH__:0x400
                0x0000000000000400                __LOCK_REGION_LENGTH__ = DEFINED (__LOCK_REGION_LENGTH__)?__LOCK_REGION_LENGTH__:0x400
                0x0000000000000400                __SIGNATURE_REGION_LENGTH__ = DEFINED (__SIGNATURE_REGION_LENGTH__)?__SIGNATURE_REGION_LENGTH__:0x400
                0x0000000000000400                __USER_SIGNATURE_REGION_LENGTH__ = DEFINED (__USER_SIGNATURE_REGION_LENGTH__)?__USER_SIGNATURE_REGION_LENGTH__:0x400

.hash
 *(.hash)

.dynsym
 *(.dynsym)

.dynstr
 *(.dynstr)

.gnu.version
 *(.gnu.version)

.gnu.version_d
 *(.gnu.version_d)

.gnu.version_r
 *(.gnu.version_r)

.rel.init
 *(.rel.init)

.rela.init
 *(.rela.init)

.rel.text
 *(.rel.text)
 *(.rel.text.*)
 *(.rel.gnu.linkonce.t*)

.rela.text
 *(.rela.text)
 *(.rela.text.*)
 *(.rela.gnu.linkonce.t*)

.rel.fini
 *(.rel.fini)

.rela.fini
 *(.rela.fini)

.rel.rodata
 *(.rel.rodata)
 *(.rel.rodata.*)
 *(.rel.gnu.linkonce.r*)

.rela.rodata
 *(.rela.rodata)
 *(.rela.rodata.*)
 *(.rela.gnu.linkonce.r*)

.rel.data
 *(.rel.data)
 *(.rel.data.*)
 *(.rel.gnu.linkonce.d*)

.rela.data
 *(.rela.data)
 *(.rela.data.*)
 *(.rela.gnu.linkonce.d*)

.rel.ctors
 *(.rel.ctors)

.rela.ctors
 *(.rela.ctors)

.rel.dtors
 *(.rel.dtors)

.rela.dtors
 *(.rela.dtors)

.rel.got
 *(.rel.got)

.rela.got
 *(.rela.got)

.rel.bss
 *(.rel.bss)

.rela.bss
 *(.rela.bss)

.rel.plt
 *(.rel.plt)

.rela.plt
 *(.rela.plt)

.text           0x0000000000000000       0xa8
 *(.vectors)
 .vectors       0x0000000000000000       0x54 C:/Program Files/Microchip/MPLABX/v5.50/packs/Microchip/ATmega_DFP/2.3.126/xc8/avr/lib/avr5/memx-const/crtatmega32a.o
                0x0000000000000000                __vector_default
                0x0000000000000000                __vectors
 *(.vectors)
 *(.progmem.gcc*)
 *(.dinit)
 .dinit         0x0000000000000054        0x0 data_init
                0x0000000000000054                . = ALIGN (0x2)
                0x0000000000000054                __trampolines_start = .
 *(.trampolines)
 .trampolines   0x0000000000000054        0x0 linker stubs
 *(.trampolines*)
                0x0000000000000054                __trampolines_end = .
 *libprintf_flt.a:*(.progmem.data)
 *libc.a:*(.progmem.data)
                0x0000000000000054                . = ALIGN (0x2)
 *(.jumptables)
 *(.jumptables*)
 *(.lowtext)
 *(.lowtext*)
                0x0000000000000054                __ctors_start = .
 *(.ctors)
                0x0000000000000054                __ctors_end = .
                0x0000000000000054                __dtors_start = .
 *(.dtors)
                0x0000000000000054                __dtors_end = .
 SORT(*)(.ctors)
 SORT(*)(.dtors)
 *(.init0)
 .init0         0x0000000000000054        0x0 C:/Program Files/Microchip/MPLABX/v5.50/packs/Microchip/ATmega_DFP/2.3.126/xc8/avr/lib/avr5/memx-const/crtatmega32a.o
                0x0000000000000054                __init
 *(.init0)
 *(.init1)
 *(.init1)
 *(.init2)
 .init2         0x0000000000000054        0xc C:/Program Files/Microchip/MPLABX/v5.50/packs/Microchip/ATmega_DFP/2.3.126/xc8/avr/lib/avr5/memx-const/crtatmega32a.o
 *(.init2)
 *(.init3)
 *(.init3)
 *(.init4)
 .init4         0x0000000000000060       0x3c c:/program files/microchip/xc8/v2.32/avr/bin/../lib/gcc/avr/5.4.0/avr5/memx-const\libgcc.a(_copy_data.o)
                0x0000000000000060                __do_copy_data
                0x000000000000008e                __do_clear_bss
 *(.init4)
 *(.init5)
 *(.init5)
 *(.init6)
 *(.init6)
 *(.init7)
 *(.init7)
 *(.init8)
 *(.init8)
 *(.init9)
 .init9         0x000000000000009c        0x8 C:/Program Files/Microchip/MPLABX/v5.50/packs/Microchip/ATmega_DFP/2.3.126/xc8/avr/lib/avr5/memx-const/crtatmega32a.o
 *(.init9)
                0x00000000000000a4                . = ALIGN (0x2)
 *(.fini9)
 .fini9         0x00000000000000a4        0x0 c:/program files/microchip/xc8/v2.32/avr/bin/../lib/gcc/avr/5.4.0/avr5/memx-const\libgcc.a(_exit.o)
                0x00000000000000a4                _exit
                0x00000000000000a4                exit
 *(.fini9)
 *(.fini8)
 *(.fini8)
 *(.fini7)
 *(.fini7)
 *(.fini6)
 *(.fini6)
 *(.fini5)
 *(.fini5)
 *(.fini4)
 *(.fini4)
 *(.fini3)
 *(.fini3)
 *(.fini2)
 *(.fini2)
 *(.fini1)
 *(.fini1)
 *(.fini0)
 .fini0         0x00000000000000a4        0x4 c:/program files/microchip/xc8/v2.32/avr/bin/../lib/gcc/avr/5.4.0/avr5/memx-const\libgcc.a(_exit.o)
 *(.fini0)
                0x00000000000000a8                _etext = .

.data           0x0000000000800060        0x0 load address 0x00000000000000a8
                [!provide]                        PROVIDE (__data_start, .)
 *(.gnu.linkonce.d*)
 *(.gnu.linkonce.r*)
                0x0000000000800060                . = ALIGN (0x2)
                0x0000000000800060                _edata = .
                [!provide]                        PROVIDE (__data_end, .)

.bss            0x0000000000800060        0x0
                [!provide]                        PROVIDE (__bss_start, .)
 *(COMMON)
                [!provide]                        PROVIDE (__bss_end, .)
                0x00000000000000a8                __data_load_start = LOADADDR (.data)
                0x00000000000000a8                __data_load_end = (__data_load_start + SIZEOF (.data))

.noinit         0x0000000000800060        0x0
                [!provide]                        PROVIDE (__noinit_start, .)
 *(.noinit*)
                [!provide]                        PROVIDE (__noinit_end, .)
                0x0000000000800060                _end = .

.eeprom         0x0000000000810000        0x0
 *(.eeprom*)
                0x0000000000810000                __eeprom_end = .

.fuse
 *(.fuse)
 *(.lfuse)
 *(.hfuse)
 *(.efuse)

.lock
 *(.lock*)

.signature
 *(.signature*)

.user_signatures
 *(.user_signatures*)

.stab
 *(.stab)

.stabstr
 *(.stabstr)

.stab.excl
 *(.stab.excl)

.stab.exclstr
 *(.stab.exclstr)

.stab.index
 *(.stab.index)

.stab.indexstr
 *(.stab.indexstr)

.comment        0x0000000000000000       0x2f
 *(.comment)
 .comment       0x0000000000000000       0x2f build/default/production/mainApp.o
                                         0x30 (size before relaxing)
 .comment       0x000000000000002f       0x30 build/default/production/DIO.o
 .comment       0x000000000000002f       0x30 build/default/production/led.o
 .comment       0x000000000000002f       0x30 build/default/production/buttons.o

.stack.descriptors.hdr
                0x0000000000000000        0xe
 .stack.descriptors.hdr
                0x0000000000000000        0xe c:/program files/microchip/xc8/v2.32/avr/bin/../lib/gcc/avr/5.4.0/avr5/memx-const\libgcc.a(_exit.o)

.note.gnu.build-id
 *(.note.gnu.build-id)

.debug
 *(.debug)

.line
 *(.line)

.debug_srcinfo
 *(.debug_srcinfo)

.debug_sfnames
 *(.debug_sfnames)

.debug_aranges  0x0000000000000000      0x1b0
 *(.debug_aranges)
 .debug_aranges
                0x0000000000000000       0x20 build/default/production/mainApp.o
 .debug_aranges
                0x0000000000000020      0x118 build/default/production/DIO.o
 .debug_aranges
                0x0000000000000138       0x50 build/default/production/led.o
 .debug_aranges
                0x0000000000000188       0x28 build/default/production/buttons.o

.debug_pubnames
 *(.debug_pubnames)

.debug_info     0x0000000000000000     0x185e
 *(.debug_info .gnu.linkonce.wi.*)
 .debug_info    0x0000000000000000      0x4e6 C:/Program Files/Microchip/MPLABX/v5.50/packs/Microchip/ATmega_DFP/2.3.126/xc8/avr/lib/avr5/memx-const/crtatmega32a.o
 .debug_info    0x00000000000004e6      0x3a6 build/default/production/mainApp.o
 .debug_info    0x000000000000088c      0x7ed build/default/production/DIO.o
 .debug_info    0x0000000000001079      0x5ce build/default/production/led.o
 .debug_info    0x0000000000001647      0x217 build/default/production/buttons.o

.debug_abbrev   0x0000000000000000      0x861
 *(.debug_abbrev)
 .debug_abbrev  0x0000000000000000      0x4a3 C:/Program Files/Microchip/MPLABX/v5.50/packs/Microchip/ATmega_DFP/2.3.126/xc8/avr/lib/avr5/memx-const/crtatmega32a.o
 .debug_abbrev  0x00000000000004a3      0x10b build/default/production/mainApp.o
 .debug_abbrev  0x00000000000005ae      0x132 build/default/production/DIO.o
 .debug_abbrev  0x00000000000006e0      0x105 build/default/production/led.o
 .debug_abbrev  0x00000000000007e5       0x7c build/default/production/buttons.o

.debug_line     0x0000000000000000      0x893
 *(.debug_line .debug_line.* .debug_line_end)
 .debug_line    0x0000000000000000      0x119 C:/Program Files/Microchip/MPLABX/v5.50/packs/Microchip/ATmega_DFP/2.3.126/xc8/avr/lib/avr5/memx-const/crtatmega32a.o
 .debug_line    0x0000000000000119      0x105 build/default/production/mainApp.o
 .debug_line    0x000000000000021e      0x48b build/default/production/DIO.o
 .debug_line    0x00000000000006a9      0x18c build/default/production/led.o
 .debug_line    0x0000000000000835       0x5e build/default/production/buttons.o

.debug_frame    0x0000000000000000      0x2f0
 *(.debug_frame)
 .debug_frame   0x0000000000000000       0x24 build/default/production/mainApp.o
 .debug_frame   0x0000000000000024      0x214 build/default/production/DIO.o
 .debug_frame   0x0000000000000238       0x84 build/default/production/led.o
 .debug_frame   0x00000000000002bc       0x34 build/default/production/buttons.o

.debug_str      0x0000000000000000      0x244
 *(.debug_str)
 .debug_str     0x0000000000000000      0x196 C:/Program Files/Microchip/MPLABX/v5.50/packs/Microchip/ATmega_DFP/2.3.126/xc8/avr/lib/avr5/memx-const/crtatmega32a.o
 .debug_str     0x0000000000000196       0x30 build/default/production/mainApp.o
 .debug_str     0x00000000000001c6       0x1c build/default/production/DIO.o
 .debug_str     0x00000000000001e2       0x4c build/default/production/led.o
 .debug_str     0x000000000000022e       0x16 build/default/production/buttons.o

.debug_loc      0x0000000000000000      0x760
 *(.debug_loc)
 .debug_loc     0x0000000000000000       0x48 build/default/production/mainApp.o
 .debug_loc     0x0000000000000048      0x584 build/default/production/DIO.o
 .debug_loc     0x00000000000005cc      0x194 build/default/production/led.o

.debug_macinfo
 *(.debug_macinfo)

.debug_weaknames
 *(.debug_weaknames)

.debug_funcnames
 *(.debug_funcnames)

.debug_typenames
 *(.debug_typenames)

.debug_varnames
 *(.debug_varnames)

.debug_pubtypes
 *(.debug_pubtypes)

.debug_ranges   0x0000000000000000      0x170
 *(.debug_ranges)
 .debug_ranges  0x0000000000000000       0x10 build/default/production/mainApp.o
 .debug_ranges  0x0000000000000010      0x108 build/default/production/DIO.o
 .debug_ranges  0x0000000000000118       0x40 build/default/production/led.o
 .debug_ranges  0x0000000000000158       0x18 build/default/production/buttons.o

.debug_macro
 *(.debug_macro)
OUTPUT(dist/default/production/interface_amit.X.production.elf elf32-avr)
LOAD linker stubs
LOAD data_init

.note.gnu.avr.deviceinfo
                0x0000000000000000       0x3c
 .note.gnu.avr.deviceinfo
                0x0000000000000000       0x3c C:/Program Files/Microchip/MPLABX/v5.50/packs/Microchip/ATmega_DFP/2.3.126/xc8/avr/lib/avr5/memx-const/crtatmega32a.o

.text.setPINA_dir
                0x00000000000000a8       0x40
 .text.setPINA_dir
                0x00000000000000a8       0x40 build/default/production/DIO.o
                0x00000000000000a8                setPINA_dir

.text.setPINB_dir
                0x00000000000000e8       0x40
 .text.setPINB_dir
                0x00000000000000e8       0x40 build/default/production/DIO.o
                0x00000000000000e8                setPINB_dir

.text.setPINC_dir
                0x0000000000000128       0x40
 .text.setPINC_dir
                0x0000000000000128       0x40 build/default/production/DIO.o
                0x0000000000000128                setPINC_dir

.text.setPIND_dir
                0x0000000000000168       0x40
 .text.setPIND_dir
                0x0000000000000168       0x40 build/default/production/DIO.o
                0x0000000000000168                setPIND_dir

.text.main      0x00000000000001a8       0x34
 .text.main     0x00000000000001a8       0x34 build/default/production/mainApp.o
                0x00000000000001a8                main

.text.init_LEDS
                0x00000000000001dc       0x22
 .text.init_LEDS
                0x00000000000001dc       0x22 build/default/production/led.o
                0x00000000000001dc                init_LEDS

.text.led_toggle_all
                0x00000000000001fe       0x1a
 .text.led_toggle_all
                0x00000000000001fe       0x1a build/default/production/led.o
                0x00000000000001fe                led_toggle_all

.text.checkPINA
                0x0000000000000218       0x16
 .text.checkPINA
                0x0000000000000218       0x16 build/default/production/DIO.o
                0x0000000000000218                checkPINA

.text.togglePINB
                0x000000000000022e       0x16
 .text.togglePINB
                0x000000000000022e       0x16 build/default/production/DIO.o
                0x000000000000022e                togglePINB

.text.togglePINC
                0x0000000000000244       0x16
 .text.togglePINC
                0x0000000000000244       0x16 build/default/production/DIO.o
                0x0000000000000244                togglePINC

.text.togglePIND
                0x000000000000025a       0x16
 .text.togglePIND
                0x000000000000025a       0x16 build/default/production/DIO.o
                0x000000000000025a                togglePIND

.text.buttons_init
                0x0000000000000270        0xa
 .text.buttons_init
                0x0000000000000270        0xa build/default/production/buttons.o
                0x0000000000000270                buttons_init

.text.isPressed
                0x000000000000027a        0x8
 .text.isPressed
                0x000000000000027a        0x8 build/default/production/buttons.o
                0x000000000000027a                isPressed

.text           0x0000000000000282        0x4
 .text          0x0000000000000282        0x4 C:/Program Files/Microchip/MPLABX/v5.50/packs/Microchip/ATmega_DFP/2.3.126/xc8/avr/lib/avr5/memx-const/crtatmega32a.o
                0x0000000000000282                __vector_1
                0x0000000000000282                __vector_12
                0x0000000000000282                __bad_interrupt
                0x0000000000000282                __vector_6
                0x0000000000000282                __vector_3
                0x0000000000000282                __vector_11
                0x0000000000000282                __vector_13
                0x0000000000000282                __vector_17
                0x0000000000000282                __vector_19
                0x0000000000000282                __vector_7
                0x0000000000000282                __vector_5
                0x0000000000000282                __vector_4
                0x0000000000000282                __vector_9
                0x0000000000000282                __vector_2
                0x0000000000000282                __vector_15
                0x0000000000000282                __vector_8
                0x0000000000000282                __vector_14
                0x0000000000000282                __vector_10
                0x0000000000000282                __vector_16
                0x0000000000000282                __vector_18
                0x0000000000000282                __vector_20
